// Vitest Snapshot v1, https://vitest.dev/guide/snapshot.html

exports[`transformEntity > delete all value items 1`] = `
{
  "component": null,
  "componentList": null,
  "richText": null,
}
`;

exports[`transformEntity > identity 1`] = `
[
  [
    "transformField",
    "richText",
  ],
  [
    "transformFieldItem",
    "richText",
  ],
  [
    "transformRichTextNode",
    "richText",
  ],
  [
    "transformRichTextNode",
    "richText[0]",
  ],
  [
    "transformField",
    "richText[0].child",
  ],
  [
    "transformField",
    "richText[0].string",
  ],
  [
    "transformField",
    "component",
  ],
  [
    "transformFieldItem",
    "component",
  ],
  [
    "transformField",
    "component.child",
  ],
  [
    "transformFieldItem",
    "component.child",
  ],
  [
    "transformField",
    "component.child.child",
  ],
  [
    "transformField",
    "component.child.string",
  ],
  [
    "transformFieldItem",
    "component.child.string",
  ],
  [
    "transformField",
    "component.string",
  ],
  [
    "transformFieldItem",
    "component.string",
  ],
  [
    "transformField",
    "componentList",
  ],
  [
    "transformFieldItem",
    "componentList[0]",
  ],
  [
    "transformField",
    "componentList[0].child",
  ],
  [
    "transformField",
    "componentList[0].string",
  ],
  [
    "transformFieldItem",
    "componentList[0].string",
  ],
  [
    "transformFieldItem",
    "componentList[1]",
  ],
  [
    "transformField",
    "componentList[1].child",
  ],
  [
    "transformField",
    "componentList[1].string",
  ],
  [
    "transformFieldItem",
    "componentList[1].string",
  ],
]
`;
